<area shape="rect" href="$class_ploter_1_1_affine_manager.html#408bc47498da6f5bafa5e6e88cde4194" title="軸を水平にする。" alt="" coords="260,157,468,184">
<area shape="rect" href="$class_ploter_1_1_affine_manager.html#a5238bb29cf17d368d0b49ba4d3d31ba" title="投影行列を返す。" alt="" coords="525,5,733,32">
<area shape="rect" href="$class_ploter_1_1_affine_manager.html#c647693b4b2ecfeffab7b5101ac83b61" title="x軸の移動。" alt="" coords="276,259,452,285">
<area shape="rect" href="$namespace_ploter_1_1_m.html#74c7755e20b7d62a1a6e55b782acdd36" title="Ploter::M::IDENTITY" alt="" coords="789,107,928,133">
<area shape="rect" href="$namespace_ploter.html#f512b9e4bd9deb6394fcd49991ea8ed0" title="軸axis を deg°回転する行列を返す。" alt="" coords="581,56,677,83">
<area shape="rect" href="$class_ploter_1_1_affine_manager.html#0b9eee86956a6259a1378b6cb511d1ef" title="水平軸の違いによるアフィン行列の選択。" alt="" coords="517,208,741,235">
<area shape="rect" href="$namespace_ploter_1_1_v.html#787d7fba188e77bc49cfe19fa55617f3" title="Ploter::V::X_UNIT" alt="" coords="568,259,691,285">
<area shape="rect" href="$namespace_ploter_1_1_v.html#fb1a94c20b24b573fd5a68dcde79255a" title="Ploter::V::Z_UNIT" alt="" coords="568,157,691,184">
<area shape="rect" href="$namespace_ploter.html#5817d6e4339bbf3460b0704ca6e976df" title="度からラジアンへの変換。" alt="" coords="811,31,907,57">
<area shape="rect" href="$class_ploter_1_1_option.html#7de8eb4cc2f4e819a92cc090c84b42e0" title="iniファイルからkeyが指す値を読み込む。" alt="" coords="795,208,923,235">
<area shape="rect" href="$namespace_ploter.html#6d6a17eb019c30845df901c389d6e866" title="toだけ平行移動する行列を返す。" alt="" coords="573,360,685,387">
