<area shape="rect" href="$class_ploter_1_1_affine_manager.html#feb9e5b6059fab0ddb3f10ac78aed8fd" title="共通のアフィン行列。" alt="" coords="255,208,457,235">
<area shape="rect" href="$namespace_ploter_1_1_m.html#74c7755e20b7d62a1a6e55b782acdd36" title="Ploter::M::IDENTITY" alt="" coords="1037,309,1176,336">
<area shape="rect" href="$class_ploter_1_1_affine_manager.html#0b9eee86956a6259a1378b6cb511d1ef" title="水平軸の違いによるアフィン行列の選択。" alt="" coords="765,259,989,285">
<area shape="rect" href="$namespace_ploter.html#6d6a17eb019c30845df901c389d6e866" title="toだけ平行移動する行列を返す。" alt="" coords="821,360,933,387">
<area shape="rect" href="$namespace_ploter.html#1c6996dd1bc6037aeb7c2c58561f0598" title="x軸,y軸,z軸をそれぞれ、a倍,b倍,c倍する行列を返す。" alt="" coords="565,461,659,488">
<area shape="rect" href="$namespace_ploter_1_1_v.html#c7dea1cd16dce4110b4a1cff9d48b037" title="Ploter::V::Y_UNIT" alt="" coords="295,512,417,539">
<area shape="rect" href="$class_ploter_1_1_affine_manager.html#408bc47498da6f5bafa5e6e88cde4194" title="軸を水平にする。" alt="" coords="508,183,716,209">
<area shape="rect" href="$class_ploter_1_1_affine_manager.html#a5238bb29cf17d368d0b49ba4d3d31ba" title="投影行列を返す。" alt="" coords="773,5,981,32">
<area shape="rect" href="$class_ploter_1_1_affine_manager.html#c647693b4b2ecfeffab7b5101ac83b61" title="x軸の移動。" alt="" coords="524,309,700,336">
<area shape="rect" href="$namespace_ploter.html#f512b9e4bd9deb6394fcd49991ea8ed0" title="軸axis を deg°回転する行列を返す。" alt="" coords="829,56,925,83">
<area shape="rect" href="$namespace_ploter_1_1_v.html#787d7fba188e77bc49cfe19fa55617f3" title="Ploter::V::X_UNIT" alt="" coords="816,208,939,235">
<area shape="rect" href="$namespace_ploter_1_1_v.html#fb1a94c20b24b573fd5a68dcde79255a" title="Ploter::V::Z_UNIT" alt="" coords="816,107,939,133">
<area shape="rect" href="$namespace_ploter.html#5817d6e4339bbf3460b0704ca6e976df" title="度からラジアンへの変換。" alt="" coords="1059,31,1155,57">
<area shape="rect" href="$class_ploter_1_1_option.html#7de8eb4cc2f4e819a92cc090c84b42e0" title="iniファイルからkeyが指す値を読み込む。" alt="" coords="1043,259,1171,285">
