<area shape="rect" href="$class_ploter_1_1_graph.html#b6d01b9703449d612f3f8b554410b598" title="描画する。" alt="" coords="221,1196,355,1223">
<area shape="rect" href="$class_ploter_1_1_affine_manager.html#0820b143e818529cb690d05869f3d6a4" title="各グラフ要素用のアフィン行列を返す。" alt="" coords="412,613,583,640">
<area shape="rect" href="$class_ploter_1_1_graph.html#236e7d05fbbdd8192971469f4145cf98" title="頂点の操作。" alt="" coords="404,1196,591,1223">
<area shape="rect" href="$class_ploter_1_1_min_max_manager.html#154a8627dae6c6ad1bd455b3e85e25b5" title="objectのx,y,zそれぞれの最小値・最大値を設定する。" alt="" coords="405,1424,589,1451">
<area shape="rect" href="$class_ploter_1_1_affine_manager.html#feb9e5b6059fab0ddb3f10ac78aed8fd" title="共通のアフィン行列。" alt="" coords="897,664,1100,691">
<area shape="rect" href="$class_ploter_1_1_affine_manager.html#66cdadbcbf5a94db2b0902cfe764e795" title="グラフ用のアフィン行列。" alt="" coords="641,233,844,260">
<area shape="rect" href="$class_ploter_1_1_affine_manager.html#755fd8e7525b1c5043c7de5b226aa637" title="x軸用のアフィン行列。" alt="" coords="643,360,843,387">
<area shape="rect" href="$class_ploter_1_1_affine_manager.html#eb318d1624ad94c12f5f45cbbaa03d42" title="xyグリッド用のアフィン行列。" alt="" coords="640,537,845,564">
<area shape="rect" href="$class_ploter_1_1_affine_manager.html#b05cd15a387992e5d2aa49198d5212f5" title="y軸用のアフィン行列。" alt="" coords="641,664,844,691">
<area shape="rect" href="$class_ploter_1_1_affine_manager.html#4b2aa4aec7b461bf5dbc6631143e50f8" title="z軸用のアフィン行列。" alt="" coords="643,841,843,868">
<area shape="rect" href="$class_ploter_1_1_affine_manager.html#408bc47498da6f5bafa5e6e88cde4194" title="軸を水平にする。" alt="" coords="1169,765,1377,792">
<area shape="rect" href="$class_ploter_1_1_affine_manager.html#a5238bb29cf17d368d0b49ba4d3d31ba" title="投影行列を返す。" alt="" coords="1451,917,1659,944">
<area shape="rect" href="$class_ploter_1_1_affine_manager.html#c647693b4b2ecfeffab7b5101ac83b61" title="x軸の移動。" alt="" coords="1185,664,1361,691">
<area shape="rect" href="$namespace_ploter_1_1_m.html#74c7755e20b7d62a1a6e55b782acdd36" title="Ploter::M::IDENTITY" alt="" coords="1715,664,1853,691">
<area shape="rect" href="$namespace_ploter.html#f512b9e4bd9deb6394fcd49991ea8ed0" title="軸axis を deg°回転する行列を返す。" alt="" coords="1507,1019,1603,1045">
<area shape="rect" href="$class_ploter_1_1_affine_manager.html#0b9eee86956a6259a1378b6cb511d1ef" title="水平軸の違いによるアフィン行列の選択。" alt="" coords="1443,715,1667,741">
<area shape="rect" href="$namespace_ploter_1_1_v.html#787d7fba188e77bc49cfe19fa55617f3" title="Ploter::V::X_UNIT" alt="" coords="1493,816,1616,843">
<area shape="rect" href="$namespace_ploter_1_1_v.html#fb1a94c20b24b573fd5a68dcde79255a" title="Ploter::V::Z_UNIT" alt="" coords="1493,867,1616,893">
<area shape="rect" href="$namespace_ploter.html#5817d6e4339bbf3460b0704ca6e976df" title="度からラジアンへの変換。" alt="" coords="1736,968,1832,995">
<area shape="rect" href="$class_ploter_1_1_option.html#7de8eb4cc2f4e819a92cc090c84b42e0" title="iniファイルからkeyが指す値を読み込む。" alt="" coords="1720,1044,1848,1071">
<area shape="rect" href="$namespace_ploter.html#6d6a17eb019c30845df901c389d6e866" title="toだけ平行移動する行列を返す。" alt="" coords="1499,512,1611,539">
<area shape="rect" href="$class_ploter_1_1_affine_manager.html#f598580c63776558a607d0c9d2af1809" title="スケールを正規化。" alt="" coords="895,157,1103,184">
<area shape="rect" href="$class_ploter_1_1_affine_manager.html#843029b8c9f1bda911c96ee6279089c0" title="原点に移動。" alt="" coords="900,81,1097,108">
<area shape="rect" href="$class_ploter_1_1_affine_manager.html#f8c15b968a04be50a28353152d972a70" title="スケールを取得。" alt="" coords="1153,107,1393,133">
<area shape="rect" href="$namespace_ploter.html#1c6996dd1bc6037aeb7c2c58561f0598" title="x軸,y軸,z軸をそれぞれ、a倍,b倍,c倍する行列を返す。" alt="" coords="1227,208,1320,235">
<area shape="rect" href="$class_ploter_1_1_min_max.html#386bf8b6f8ac797974226952cf935fb8" title="最小値・最大値の範囲の取得。" alt="" coords="1469,107,1640,133">
<area shape="rect" href="$class_ploter_1_1_min_max.html#6fb091ebf5c0b1c7f5c223aa17e78217" title="アクセッサ。" alt="" coords="1196,5,1351,32">
<area shape="rect" href="$namespace_ploter.html#3286edb2e92e29f8f197ac3c226b6490" title="ベクトルv(x,y,z)の生成。" alt="" coords="1240,56,1307,83">
<area shape="rect" href="$namespace_ploter_1_1_v.html#faec408b14e015d5a3ef4f3a66149635" title="Ploter::V::ZERO" alt="" coords="1497,56,1612,83">
<area shape="rect" href="$namespace_ploter_1_1_v.html#c7dea1cd16dce4110b4a1cff9d48b037" title="Ploter::V::Y_UNIT" alt="" coords="937,411,1060,437">
<area shape="rect" href="$namespace_ploter.html#af055f8b1d0e83f4993874d84ecafdb4" title="正規化する。" alt="" coords="683,1171,803,1197">
<area shape="rect" href="$namespace_ploter_1_1_v.html#f6dfd6fe754723d22262b59c1ff43fba" title="Ploter::V::Z" alt="" coords="955,1221,1043,1248">
<area shape="rect" href="$namespace_ploter.html#0f257fd7b0c5dd663d40ecf3d986d7f8" title="対数縮尺にする。ただし、0は無視する。" alt="" coords="679,1272,807,1299">
<area shape="rect" href="$namespace_ploter.html#ddcd52e142e8ce241bf96a16c1b07c7d" title="二重のfor_each。" alt="" coords="931,1297,1067,1324">
<area shape="rect" href="$class_ploter_1_1_min_max.html#516945f168c4c050cc593473e7db759c" title="valueが最小値・最大値かどうかを査定し、更新する。" alt="" coords="663,1373,823,1400">
<area shape="rect" href="$namespace_ploter_1_1_v.html#643158aa8326f7a30e31be2a17cd2211" title="Ploter::V::CONST_X" alt="" coords="673,1424,812,1451">
<area shape="rect" href="$namespace_ploter_1_1_v.html#1298e2035259284eb20243f270f8d8da" title="Ploter::V::CONST_Y" alt="" coords="673,1475,812,1501">
<area shape="rect" href="$namespace_ploter_1_1_v.html#396ce96178bb46cef34971b1d1860de1" title="Ploter::V::CONST_Z" alt="" coords="673,1525,812,1552">
<area shape="rect" href="$class_ploter_1_1_min_max.html#48f3321e6dd835ed2bac03a6148a88e6" title="最小値・最大値の初期化。" alt="" coords="661,1576,824,1603">
