<area shape="rect" href="$class_file_dialog_base.html#65610451161ba5d1c30ae3ff50ce285d" title="FileDialogBase::getFilePath" alt="" coords="248,260,429,287">
<area shape="rect" href="$class_ploter_1_1_ploter.html#2038e2ab69c80d03c9e8e9b6ce2f4fd3" title="設定する。" alt="" coords="277,311,400,337">
<area shape="rect" href="$class_main_window_procedure.html#a461d5f286d4555203bb2c56f6b35827" title="MainWindowProcedure::size" alt="" coords="245,389,432,416">
<area shape="rect" href="$class_ploter_1_1_graph.html#e01d12afec4f323fd90254e7d2544d8e" title="fileNameが指すファイルから、頂点を設定する。" alt="" coords="489,296,612,323">
<area shape="rect" href="$class_ploter_1_1_graph.html#23a9c6c0ba1cbde7dce277f185e2dfb5" title="データの読み込み。" alt="" coords="677,296,837,323">
<area shape="rect" href="$class_ploter_1_1_graph.html#6967cd6b949e27fb715fcbd893a75cc0" title="ポリラインの設定。" alt="" coords="671,245,844,272">
<area shape="rect" href="$class_ploter_1_1_graph.html#0f9b08c9fd8325e583bcf01a2e7f50f9" title="頂点数の設定。" alt="" coords="683,195,832,221">
<area shape="rect" href="$class_ploter_1_1_graph.html#0f62732f9b9637bee6c4ca466c464133" title="頂点の設定。" alt="" coords="1109,93,1272,120">
<area shape="rect" href="$class_ploter_1_1_poly_line_list.html#1a95cbf9f2faa192f87b00ee9765867e" title="[begin,end)の範囲の頂点の集合からポリラインのリストを生成する。..." alt="" coords="897,245,1057,272">
<area shape="rect" href="$namespace_ploter.html#3286edb2e92e29f8f197ac3c226b6490" title="ベクトルv(x,y,z)の生成。" alt="" coords="2141,5,2208,32">
<area shape="rect" href="$namespace_ploter_1_1_v.html#faec408b14e015d5a3ef4f3a66149635" title="Ploter::V::ZERO" alt="" coords="2383,5,2497,32">
<area shape="rect" href="$class_ploter_1_1_ploter.html#7e91630f2a9494405bafdec50507b82d" title="ウィンドウサイズ変化時のビューポートの再設定。" alt="" coords="481,447,620,473">
<area shape="rect" href="$class_ploter_1_1_ploter.html#26ca2d772f02c0b28493195af1cbbf72" title="描画する。" alt="" coords="692,560,823,587">
<area shape="rect" href="$class_ploter_1_1_ploter.html#cc17d754269e5761c1381588353575b0" title="座標軸の描画。" alt="" coords="1112,524,1269,551">
<area shape="rect" href="$class_ploter_1_1_ploter.html#8b2245e5d12715c33d03956dbd14b46e" title="グラフの描画。" alt="" coords="893,676,1061,703">
<area shape="rect" href="$class_ploter_1_1_ploter.html#f5ac974630e9497faac7eb8e5e45d96b" title="グリッドの描画。" alt="" coords="900,575,1055,601">
<area shape="rect" href="$class_ploter_1_1_affine_manager.html#0820b143e818529cb690d05869f3d6a4" title="各グラフ要素用のアフィン行列を返す。" alt="" coords="1329,549,1500,576">
<area shape="rect" href="$class_ploter_1_1_affine_manager.html#feb9e5b6059fab0ddb3f10ac78aed8fd" title="共通のアフィン行列。" alt="" coords="1815,600,2017,627">
<area shape="rect" href="$class_ploter_1_1_affine_manager.html#66cdadbcbf5a94db2b0902cfe764e795" title="グラフ用のアフィン行列。" alt="" coords="1559,169,1761,196">
<area shape="rect" href="$class_ploter_1_1_affine_manager.html#755fd8e7525b1c5043c7de5b226aa637" title="x軸用のアフィン行列。" alt="" coords="1560,296,1760,323">
<area shape="rect" href="$class_ploter_1_1_affine_manager.html#eb318d1624ad94c12f5f45cbbaa03d42" title="xyグリッド用のアフィン行列。" alt="" coords="1557,473,1763,500">
<area shape="rect" href="$class_ploter_1_1_affine_manager.html#b05cd15a387992e5d2aa49198d5212f5" title="y軸用のアフィン行列。" alt="" coords="1559,600,1761,627">
<area shape="rect" href="$class_ploter_1_1_affine_manager.html#4b2aa4aec7b461bf5dbc6631143e50f8" title="z軸用のアフィン行列。" alt="" coords="1560,701,1760,728">
<area shape="rect" href="$class_ploter_1_1_affine_manager.html#408bc47498da6f5bafa5e6e88cde4194" title="軸を水平にする。" alt="" coords="2071,752,2279,779">
<area shape="rect" href="$class_ploter_1_1_affine_manager.html#a5238bb29cf17d368d0b49ba4d3d31ba" title="投影行列を返す。" alt="" coords="2071,600,2279,627">
<area shape="rect" href="$class_ploter_1_1_affine_manager.html#c647693b4b2ecfeffab7b5101ac83b61" title="x軸の移動。" alt="" coords="2087,651,2263,677">
<area shape="rect" href="$namespace_ploter_1_1_m.html#74c7755e20b7d62a1a6e55b782acdd36" title="Ploter::M::IDENTITY" alt="" coords="2600,575,2739,601">
<area shape="rect" href="$namespace_ploter.html#f512b9e4bd9deb6394fcd49991ea8ed0" title="軸axis を deg°回転する行列を返す。" alt="" coords="2392,828,2488,855">
<area shape="rect" href="$class_ploter_1_1_affine_manager.html#0b9eee86956a6259a1378b6cb511d1ef" title="水平軸の違いによるアフィン行列の選択。" alt="" coords="2328,676,2552,703">
<area shape="rect" href="$namespace_ploter_1_1_v.html#787d7fba188e77bc49cfe19fa55617f3" title="Ploter::V::X_UNIT" alt="" coords="2379,777,2501,804">
<area shape="rect" href="$namespace_ploter_1_1_v.html#fb1a94c20b24b573fd5a68dcde79255a" title="Ploter::V::Z_UNIT" alt="" coords="2379,929,2501,956">
<area shape="rect" href="$class_ploter_1_1_option.html#7de8eb4cc2f4e819a92cc090c84b42e0" title="iniファイルからkeyが指す値を読み込む。" alt="" coords="2605,955,2733,981">
<area shape="rect" href="$namespace_ploter.html#6d6a17eb019c30845df901c389d6e866" title="toだけ平行移動する行列を返す。" alt="" coords="2384,448,2496,475">
<area shape="rect" href="$class_ploter_1_1_affine_manager.html#f598580c63776558a607d0c9d2af1809" title="スケールを正規化。" alt="" coords="1812,93,2020,120">
<area shape="rect" href="$class_ploter_1_1_affine_manager.html#843029b8c9f1bda911c96ee6279089c0" title="原点に移動。" alt="" coords="1817,43,2015,69">
<area shape="rect" href="$namespace_ploter.html#1c6996dd1bc6037aeb7c2c58561f0598" title="x軸,y軸,z軸をそれぞれ、a倍,b倍,c倍する行列を返す。" alt="" coords="2128,144,2221,171">
<area shape="rect" href="$namespace_ploter_1_1_v.html#c7dea1cd16dce4110b4a1cff9d48b037" title="Ploter::V::Y_UNIT" alt="" coords="1855,347,1977,373">
<area shape="rect" href="$class_ploter_1_1_graph.html#b6d01b9703449d612f3f8b554410b598" title="描画する。" alt="" coords="1124,727,1257,753">
<area shape="rect" href="$class_ploter_1_1_graph.html#236e7d05fbbdd8192971469f4145cf98" title="頂点の操作。" alt="" coords="1321,1107,1508,1133">
<area shape="rect" href="$class_ploter_1_1_min_max_manager.html#154a8627dae6c6ad1bd455b3e85e25b5" title="objectのx,y,zそれぞれの最小値・最大値を設定する。" alt="" coords="1323,853,1507,880">
<area shape="rect" href="$namespace_ploter.html#af055f8b1d0e83f4993874d84ecafdb4" title="正規化する。" alt="" coords="1600,1107,1720,1133">
<area shape="rect" href="$namespace_ploter_1_1_v.html#f6dfd6fe754723d22262b59c1ff43fba" title="Ploter::V::Z" alt="" coords="1872,1107,1960,1133">
<area shape="rect" href="$namespace_ploter.html#0f257fd7b0c5dd663d40ecf3d986d7f8" title="対数縮尺にする。ただし、0は無視する。" alt="" coords="1596,1056,1724,1083">
<area shape="rect" href="$namespace_ploter.html#ddcd52e142e8ce241bf96a16c1b07c7d" title="二重のfor_each。" alt="" coords="1848,1056,1984,1083">
<area shape="rect" href="$class_ploter_1_1_min_max.html#516945f168c4c050cc593473e7db759c" title="valueが最小値・最大値かどうかを査定し、更新する。" alt="" coords="1580,752,1740,779">
<area shape="rect" href="$namespace_ploter_1_1_v.html#643158aa8326f7a30e31be2a17cd2211" title="Ploter::V::CONST_X" alt="" coords="1591,803,1729,829">
<area shape="rect" href="$namespace_ploter_1_1_v.html#1298e2035259284eb20243f270f8d8da" title="Ploter::V::CONST_Y" alt="" coords="1591,853,1729,880">
<area shape="rect" href="$namespace_ploter_1_1_v.html#396ce96178bb46cef34971b1d1860de1" title="Ploter::V::CONST_Z" alt="" coords="1591,904,1729,931">
<area shape="rect" href="$class_ploter_1_1_min_max.html#48f3321e6dd835ed2bac03a6148a88e6" title="最小値・最大値の初期化。" alt="" coords="1579,955,1741,981">
