<area shape="rect" href="$class_ploter_1_1_graph.html#e01d12afec4f323fd90254e7d2544d8e" title="fileNameが指すファイルから、頂点を設定する。" alt="" coords="180,81,303,108">
<area shape="rect" href="$class_ploter_1_1_graph.html#23a9c6c0ba1cbde7dce277f185e2dfb5" title="データの読み込み。" alt="" coords="360,5,520,32">
<area shape="rect" href="$class_ploter_1_1_graph.html#6967cd6b949e27fb715fcbd893a75cc0" title="ポリラインの設定。" alt="" coords="353,56,527,83">
<area shape="rect" href="$class_ploter_1_1_graph.html#0f9b08c9fd8325e583bcf01a2e7f50f9" title="頂点数の設定。" alt="" coords="365,107,515,133">
<area shape="rect" href="$class_ploter_1_1_graph.html#0f62732f9b9637bee6c4ca466c464133" title="頂点の設定。" alt="" coords="359,157,521,184">
<area shape="rect" href="$class_ploter_1_1_poly_line_list.html#1a95cbf9f2faa192f87b00ee9765867e" title="[begin,end)の範囲の頂点の集合からポリラインのリストを生成する。..." alt="" coords="576,56,736,83">
<area shape="rect" href="$namespace_ploter.html#3286edb2e92e29f8f197ac3c226b6490" title="ベクトルv(x,y,z)の生成。" alt="" coords="623,157,689,184">
<area shape="rect" href="$namespace_ploter_1_1_v.html#faec408b14e015d5a3ef4f3a66149635" title="Ploter::V::ZERO" alt="" coords="785,157,900,184">
