<area shape="rect" href="$class_ploter_1_1_graph.html#23a9c6c0ba1cbde7dce277f185e2dfb5" title="データの読み込み。" alt="" coords="187,5,347,32">
<area shape="rect" href="$class_ploter_1_1_graph.html#6967cd6b949e27fb715fcbd893a75cc0" title="ポリラインの設定。" alt="" coords="180,56,353,83">
<area shape="rect" href="$class_ploter_1_1_graph.html#0f9b08c9fd8325e583bcf01a2e7f50f9" title="頂点数の設定。" alt="" coords="192,107,341,133">
<area shape="rect" href="$class_ploter_1_1_graph.html#0f62732f9b9637bee6c4ca466c464133" title="頂点の設定。" alt="" coords="185,157,348,184">
<area shape="rect" href="$class_ploter_1_1_poly_line_list.html#1a95cbf9f2faa192f87b00ee9765867e" title="[begin,end)の範囲の頂点の集合からポリラインのリストを生成する。..." alt="" coords="403,56,563,83">
<area shape="rect" href="$namespace_ploter.html#3286edb2e92e29f8f197ac3c226b6490" title="ベクトルv(x,y,z)の生成。" alt="" coords="449,157,516,184">
<area shape="rect" href="$namespace_ploter_1_1_v.html#faec408b14e015d5a3ef4f3a66149635" title="Ploter::V::ZERO" alt="" coords="612,157,727,184">
